{
  "version": "1.5.0",
  "plugins_used": [
    {
      "name": "ArtifactoryDetector"
    },
    {
      "name": "AWSKeyDetector"
    },
    {
      "name": "AzureStorageKeyDetector"
    },
    {
      "name": "Base64HighEntropyString",
      "limit": 4.5
    },
    {
      "name": "BasicAuthDetector"
    },
    {
      "name": "CloudantDetector"
    },
    {
      "name": "DiscordBotTokenDetector"
    },
    {
      "name": "GitHubTokenDetector"
    },
    {
      "name": "GitLabTokenDetector"
    },
    {
      "name": "HexHighEntropyString",
      "limit": 3.0
    },
    {
      "name": "IbmCloudIamDetector"
    },
    {
      "name": "IbmCosHmacDetector"
    },
    {
      "name": "IPPublicDetector"
    },
    {
      "name": "JwtTokenDetector"
    },
    {
      "name": "KeywordDetector",
      "keyword_exclude": ""
    },
    {
      "name": "MailchimpDetector"
    },
    {
      "name": "NpmDetector"
    },
    {
      "name": "OpenAIDetector"
    },
    {
      "name": "PrivateKeyDetector"
    },
    {
      "name": "PypiTokenDetector"
    },
    {
      "name": "SendGridDetector"
    },
    {
      "name": "SlackDetector"
    },
    {
      "name": "SoftlayerDetector"
    },
    {
      "name": "SquareOAuthDetector"
    },
    {
      "name": "StripeDetector"
    },
    {
      "name": "TelegramBotTokenDetector"
    },
    {
      "name": "TwilioKeyDetector"
    }
  ],
  "filters_used": [
    {
      "path": "detect_secrets.filters.allowlist.is_line_allowlisted"
    },
    {
      "path": "detect_secrets.filters.common.is_baseline_file",
      "filename": ".secrets.baseline"
    },
    {
      "path": "detect_secrets.filters.common.is_ignored_due_to_verification_policies",
      "min_level": 2
    },
    {
      "path": "detect_secrets.filters.heuristic.is_indirect_reference"
    },
    {
      "path": "detect_secrets.filters.heuristic.is_likely_id_string"
    },
    {
      "path": "detect_secrets.filters.heuristic.is_lock_file"
    },
    {
      "path": "detect_secrets.filters.heuristic.is_not_alphanumeric_string"
    },
    {
      "path": "detect_secrets.filters.heuristic.is_potential_uuid"
    },
    {
      "path": "detect_secrets.filters.heuristic.is_prefixed_with_dollar_sign"
    },
    {
      "path": "detect_secrets.filters.heuristic.is_sequential_string"
    },
    {
      "path": "detect_secrets.filters.heuristic.is_swagger_file"
    },
    {
      "path": "detect_secrets.filters.heuristic.is_templated_secret"
    }
  ],
  "results": {
    ".github/workflows/README.md": [
      {
        "type": "Secret Keyword",
        "filename": ".github/workflows/README.md",
        "hashed_secret": "9a9d20159606dac86302bfd9ed2b949e57ea9bd9",
        "is_verified": false,
        "line_number": 67
      },
      {
        "type": "Secret Keyword",
        "filename": ".github/workflows/README.md",
        "hashed_secret": "a071e8e79692f4582f17c185e37ddd6cd3a3ee8d",
        "is_verified": false,
        "line_number": 68
      },
      {
        "type": "Secret Keyword",
        "filename": ".github/workflows/README.md",
        "hashed_secret": "99aa74838ed4fc3fb37cc8008d04875af4f1154c",
        "is_verified": false,
        "line_number": 69
      }
    ],
    ".github/workflows/main-ci.yml": [
      {
        "type": "Secret Keyword",
        "filename": ".github/workflows/main-ci.yml",
        "hashed_secret": "3acfb2c2b433c0ea7ff107e33df91b18e52f960f",
        "is_verified": false,
        "line_number": 279
      },
      {
        "type": "Secret Keyword",
        "filename": ".github/workflows/main-ci.yml",
        "hashed_secret": "c07a06c56e7c5dc69d2abfa2f6701a1b246403d4",
        "is_verified": false,
        "line_number": 801
      }
    ],
    ".github/workflows/ops-safety-monitor.yml": [
      {
        "type": "Secret Keyword",
        "filename": ".github/workflows/ops-safety-monitor.yml",
        "hashed_secret": "3acfb2c2b433c0ea7ff107e33df91b18e52f960f",
        "is_verified": false,
        "line_number": 40
      }
    ],
    "docs/archive/2026-q1/langsmith_setup.md": [
      {
        "type": "Secret Keyword",
        "filename": "docs/archive/2026-q1/langsmith_setup.md",
        "hashed_secret": "2727a87c62b6b7fd7819b3134aba47e71ea6fedb",
        "is_verified": false,
        "line_number": 21
      },
      {
        "type": "Secret Keyword",
        "filename": "docs/archive/2026-q1/langsmith_setup.md",
        "hashed_secret": "39d711243bfcee9fec8299b204e1aa9c3430fa12",
        "is_verified": false,
        "line_number": 22
      },
      {
        "type": "Secret Keyword",
        "filename": "docs/archive/2026-q1/langsmith_setup.md",
        "hashed_secret": "ab6b9776122d843c7c7bec7bd6b54e64e67a8d78",
        "is_verified": false,
        "line_number": 28
      }
    ],
    "docs/developer/CENTRALIZED_SETTINGS_GUIDE.md": [
      {
        "type": "Secret Keyword",
        "filename": "docs/developer/CENTRALIZED_SETTINGS_GUIDE.md",
        "hashed_secret": "ab7e0ff4ed5a734019631b761e0ab21e20b20c31",
        "is_verified": false,
        "line_number": 124
      },
      {
        "type": "Secret Keyword",
        "filename": "docs/developer/CENTRALIZED_SETTINGS_GUIDE.md",
        "hashed_secret": "4a64fbf69e6fa61976e18f9a5a22d8e078b34b30",
        "is_verified": false,
        "line_number": 127
      },
      {
        "type": "Secret Keyword",
        "filename": "docs/developer/CENTRALIZED_SETTINGS_GUIDE.md",
        "hashed_secret": "0fb077f02de5688f67f79e8823a6edb6dead4d04",
        "is_verified": false,
        "line_number": 128
      }
    ],
    "docs/setup/INSTALLATION.md": [
      {
        "type": "Secret Keyword",
        "filename": "docs/setup/INSTALLATION.md",
        "hashed_secret": "9ad19750930e5cf133e024641c00daf5fc90c700",
        "is_verified": false,
        "line_number": 360
      }
    ],
    "docs/user/CLI_REFERENCE.md": [
      {
        "type": "Secret Keyword",
        "filename": "docs/user/CLI_REFERENCE.md",
        "hashed_secret": "89a6cfe2a229151e8055abee107d45ed087bbb4f",
        "is_verified": false,
        "line_number": 459
      }
    ],
    "newsletter_core/infrastructure/llm_factory_runtime.py": [
      {
        "type": "Secret Keyword",
        "filename": "newsletter_core/infrastructure/llm_factory_runtime.py",
        "hashed_secret": "3a6e2314e2a9bdbd31913ca75a54bf718629567c",
        "is_verified": false,
        "line_number": 37
      },
      {
        "type": "Secret Keyword",
        "filename": "newsletter_core/infrastructure/llm_factory_runtime.py",
        "hashed_secret": "3f2df46921dd8e2c36e2ce85238705ac0774c74a",
        "is_verified": false,
        "line_number": 40
      },
      {
        "type": "Secret Keyword",
        "filename": "newsletter_core/infrastructure/llm_factory_runtime.py",
        "hashed_secret": "6a331042260640cec8cc2d837a4c5d136e68b759",
        "is_verified": false,
        "line_number": 52
      },
      {
        "type": "Secret Keyword",
        "filename": "newsletter_core/infrastructure/llm_factory_runtime.py",
        "hashed_secret": "665b1e3851eefefa3fb878654292f16597d25155",
        "is_verified": false,
        "line_number": 55
      },
      {
        "type": "Secret Keyword",
        "filename": "newsletter_core/infrastructure/llm_factory_runtime.py",
        "hashed_secret": "3e34b0bf98f1be3e52a62bfaf4b4263a0388c2e9",
        "is_verified": false,
        "line_number": 67
      },
      {
        "type": "Secret Keyword",
        "filename": "newsletter_core/infrastructure/llm_factory_runtime.py",
        "hashed_secret": "0f5649c9ee9b12e2dac7ee4cc9becb72a0d068ba",
        "is_verified": false,
        "line_number": 70
      }
    ],
    "run_ci_checks.py": [
      {
        "type": "Secret Keyword",
        "filename": "run_ci_checks.py",
        "hashed_secret": "3acfb2c2b433c0ea7ff107e33df91b18e52f960f",
        "is_verified": false,
        "line_number": 502
      }
    ],
    "scripts/devtools/dev_entrypoint.py": [
      {
        "type": "Secret Keyword",
        "filename": "scripts/devtools/dev_entrypoint.py",
        "hashed_secret": "3acfb2c2b433c0ea7ff107e33df91b18e52f960f",
        "is_verified": false,
        "line_number": 37
      }
    ],
    "scripts/devtools/setup_env.py": [
      {
        "type": "Secret Keyword",
        "filename": "scripts/devtools/setup_env.py",
        "hashed_secret": "20b6c9dba28e462faff033daaf4e6ab3aac0b194",
        "is_verified": false,
        "line_number": 14
      },
      {
        "type": "Secret Keyword",
        "filename": "scripts/devtools/setup_env.py",
        "hashed_secret": "f53a898f20e92b19f086f4d4053d81b145e754c2",
        "is_verified": false,
        "line_number": 15
      },
      {
        "type": "Secret Keyword",
        "filename": "scripts/devtools/setup_env.py",
        "hashed_secret": "26adb00e3d2ce26c9d600cf5c2a8e02304380ad2",
        "is_verified": false,
        "line_number": 16
      },
      {
        "type": "Secret Keyword",
        "filename": "scripts/devtools/setup_env.py",
        "hashed_secret": "1e4407821a8de22ec2966c4895d3143e7fb32d64",
        "is_verified": false,
        "line_number": 17
      },
      {
        "type": "Secret Keyword",
        "filename": "scripts/devtools/setup_env.py",
        "hashed_secret": "d23f74d065ec6249f06dd85960fce53f01a70191",
        "is_verified": false,
        "line_number": 21
      },
      {
        "type": "Secret Keyword",
        "filename": "scripts/devtools/setup_env.py",
        "hashed_secret": "057ea4b2c0e68222ee03cf0aa848f58a70234a03",
        "is_verified": false,
        "line_number": 24
      }
    ],
    "scripts/devtools/web_health_smoke.py": [
      {
        "type": "Secret Keyword",
        "filename": "scripts/devtools/web_health_smoke.py",
        "hashed_secret": "3acfb2c2b433c0ea7ff107e33df91b18e52f960f",
        "is_verified": false,
        "line_number": 26
      }
    ],
    "tests/api_tests/test_article_filter_integration.py": [
      {
        "type": "Secret Keyword",
        "filename": "tests/api_tests/test_article_filter_integration.py",
        "hashed_secret": "445459b0f5d54ff663057c9ec0735c80335bd7f5",
        "is_verified": false,
        "line_number": 195
      },
      {
        "type": "Secret Keyword",
        "filename": "tests/api_tests/test_article_filter_integration.py",
        "hashed_secret": "1b8a5e20bc3e689fe7a2958fd921a086eb3fa4fa",
        "is_verified": false,
        "line_number": 353
      }
    ],
    "tests/api_tests/test_collect.py": [
      {
        "type": "Secret Keyword",
        "filename": "tests/api_tests/test_collect.py",
        "hashed_secret": "7dfe63b6762fc69b8e486a2bafa43b8f7d23b788",
        "is_verified": false,
        "line_number": 80
      }
    ],
    "tests/api_tests/test_improved_search.py": [
      {
        "type": "Secret Keyword",
        "filename": "tests/api_tests/test_improved_search.py",
        "hashed_secret": "b952e01efa6aee3a93b18318b5a22f4b6ccd4b72",
        "is_verified": false,
        "line_number": 23
      }
    ],
    "tests/api_tests/test_news_integration_enhanced.py": [
      {
        "type": "Secret Keyword",
        "filename": "tests/api_tests/test_news_integration_enhanced.py",
        "hashed_secret": "e2eba3dc2de681623e4476518636ade5d3b1cbb8",
        "is_verified": false,
        "line_number": 26
      }
    ],
    "tests/api_tests/test_summarize.py": [
      {
        "type": "Secret Keyword",
        "filename": "tests/api_tests/test_summarize.py",
        "hashed_secret": "7dfe63b6762fc69b8e486a2bafa43b8f7d23b788",
        "is_verified": false,
        "line_number": 58
      }
    ],
    "tests/integration/test_environment_profiles.py": [
      {
        "type": "Secret Keyword",
        "filename": "tests/integration/test_environment_profiles.py",
        "hashed_secret": "5f57855a96c148c85947f9558bce5cb53bc87c9f",
        "is_verified": false,
        "line_number": 35
      },
      {
        "type": "Secret Keyword",
        "filename": "tests/integration/test_environment_profiles.py",
        "hashed_secret": "96e3bba727428df420918d4ca59be426bcf98cd3",
        "is_verified": false,
        "line_number": 38
      },
      {
        "type": "Secret Keyword",
        "filename": "tests/integration/test_environment_profiles.py",
        "hashed_secret": "ccb2cabd3cb3ae3e2775711abcae00aafbaf4e82",
        "is_verified": false,
        "line_number": 57
      },
      {
        "type": "Secret Keyword",
        "filename": "tests/integration/test_environment_profiles.py",
        "hashed_secret": "2dc18919f5d6e085bf3816e427c6d2705a820a5c",
        "is_verified": false,
        "line_number": 60
      },
      {
        "type": "Secret Keyword",
        "filename": "tests/integration/test_environment_profiles.py",
        "hashed_secret": "4b97df13ac0e52cf266f2750810f40ae981c4045",
        "is_verified": false,
        "line_number": 80
      },
      {
        "type": "Secret Keyword",
        "filename": "tests/integration/test_environment_profiles.py",
        "hashed_secret": "4e7684b3547f34d31385e17b488c2bf325eef3b8",
        "is_verified": false,
        "line_number": 83
      },
      {
        "type": "Secret Keyword",
        "filename": "tests/integration/test_environment_profiles.py",
        "hashed_secret": "55aa698c6a7e40d49337b1fe582e2e8632f75c3c",
        "is_verified": false,
        "line_number": 104
      },
      {
        "type": "Secret Keyword",
        "filename": "tests/integration/test_environment_profiles.py",
        "hashed_secret": "6a7d40d6e4d09a24fbd21d7f18c9881543c67190",
        "is_verified": false,
        "line_number": 107
      },
      {
        "type": "Secret Keyword",
        "filename": "tests/integration/test_environment_profiles.py",
        "hashed_secret": "e16dd526edb46113711e009ca81005134efb1bdf",
        "is_verified": false,
        "line_number": 126
      },
      {
        "type": "Secret Keyword",
        "filename": "tests/integration/test_environment_profiles.py",
        "hashed_secret": "9941d2df56ef8670390dd3ee3da15bdec0779461",
        "is_verified": false,
        "line_number": 128
      },
      {
        "type": "Secret Keyword",
        "filename": "tests/integration/test_environment_profiles.py",
        "hashed_secret": "2e3314f1c332d9f2392f1e42161ef89b8b8a7f0b",
        "is_verified": false,
        "line_number": 173
      },
      {
        "type": "Secret Keyword",
        "filename": "tests/integration/test_environment_profiles.py",
        "hashed_secret": "87840673660b01d05dac8d3f10bf78382937aaf7",
        "is_verified": false,
        "line_number": 176
      },
      {
        "type": "Secret Keyword",
        "filename": "tests/integration/test_environment_profiles.py",
        "hashed_secret": "ff9e1d3a0ae3b196b5aa6c1e61617795d52c90ff",
        "is_verified": false,
        "line_number": 190
      },
      {
        "type": "Secret Keyword",
        "filename": "tests/integration/test_environment_profiles.py",
        "hashed_secret": "e1ffb1808a753a69ebef87b4922775afbc4f1f8f",
        "is_verified": false,
        "line_number": 193
      },
      {
        "type": "Secret Keyword",
        "filename": "tests/integration/test_environment_profiles.py",
        "hashed_secret": "010fb5d7253b378aaf537a464f66b721c39b5f61",
        "is_verified": false,
        "line_number": 194
      },
      {
        "type": "Secret Keyword",
        "filename": "tests/integration/test_environment_profiles.py",
        "hashed_secret": "2ef4b27feee8e12d38fa39a6660966beac6a790a",
        "is_verified": false,
        "line_number": 195
      },
      {
        "type": "Base64 High Entropy String",
        "filename": "tests/integration/test_environment_profiles.py",
        "hashed_secret": "626a97fd675d912f63122a335ab4d3abfd874527",
        "is_verified": false,
        "line_number": 224
      },
      {
        "type": "Secret Keyword",
        "filename": "tests/integration/test_environment_profiles.py",
        "hashed_secret": "626a97fd675d912f63122a335ab4d3abfd874527",
        "is_verified": false,
        "line_number": 224
      },
      {
        "type": "Secret Keyword",
        "filename": "tests/integration/test_environment_profiles.py",
        "hashed_secret": "b1e088ddeb1feedd3b32bd05d045c3d4dca21393",
        "is_verified": false,
        "line_number": 227
      }
    ],
    "tests/test_api.py": [
      {
        "type": "Secret Keyword",
        "filename": "tests/test_api.py",
        "hashed_secret": "00942f4668670f34c5943cf52c7ef3139fe2b8d6",
        "is_verified": false,
        "line_number": 23
      },
      {
        "type": "Secret Keyword",
        "filename": "tests/test_api.py",
        "hashed_secret": "95cfb33d5e102631e226e7ff9da4b17d6ba5f3e4",
        "is_verified": false,
        "line_number": 24
      }
    ],
    "tests/test_security.py": [
      {
        "type": "Secret Keyword",
        "filename": "tests/test_security.py",
        "hashed_secret": "d4e0e04792fd434b5dc9c4155c178f66edcf4ed3",
        "is_verified": false,
        "line_number": 46
      }
    ],
    "tests/unit_tests/test_centralized_settings.py": [
      {
        "type": "Secret Keyword",
        "filename": "tests/unit_tests/test_centralized_settings.py",
        "hashed_secret": "ccb2cabd3cb3ae3e2775711abcae00aafbaf4e82",
        "is_verified": false,
        "line_number": 30
      },
      {
        "type": "Secret Keyword",
        "filename": "tests/unit_tests/test_centralized_settings.py",
        "hashed_secret": "d58d77835003339b86d721f5ba5367fb393bef1d",
        "is_verified": false,
        "line_number": 33
      },
      {
        "type": "Secret Keyword",
        "filename": "tests/unit_tests/test_centralized_settings.py",
        "hashed_secret": "a0f4ea7d91495df92bbac2e2149dfb850fe81396",
        "is_verified": false,
        "line_number": 59
      },
      {
        "type": "Secret Keyword",
        "filename": "tests/unit_tests/test_centralized_settings.py",
        "hashed_secret": "78a9825c03d1c8b96e81982cd96e2c252f52da55",
        "is_verified": false,
        "line_number": 148
      },
      {
        "type": "Secret Keyword",
        "filename": "tests/unit_tests/test_centralized_settings.py",
        "hashed_secret": "3e65322e7c245c4f38d39a34150690dccce3970c",
        "is_verified": false,
        "line_number": 151
      },
      {
        "type": "Secret Keyword",
        "filename": "tests/unit_tests/test_centralized_settings.py",
        "hashed_secret": "6392dbe03c3da5fc29bb559976fbc38b8e389946",
        "is_verified": false,
        "line_number": 269
      }
    ],
    "tests/unit_tests/test_config_manager.py": [
      {
        "type": "Secret Keyword",
        "filename": "tests/unit_tests/test_config_manager.py",
        "hashed_secret": "5eb6dd2b52c7cc83f8a1945e9deb0e9c52166078",
        "is_verified": false,
        "line_number": 32
      },
      {
        "type": "Secret Keyword",
        "filename": "tests/unit_tests/test_config_manager.py",
        "hashed_secret": "ccb2cabd3cb3ae3e2775711abcae00aafbaf4e82",
        "is_verified": false,
        "line_number": 33
      },
      {
        "type": "Secret Keyword",
        "filename": "tests/unit_tests/test_config_manager.py",
        "hashed_secret": "d58d77835003339b86d721f5ba5367fb393bef1d",
        "is_verified": false,
        "line_number": 51
      },
      {
        "type": "Base64 High Entropy String",
        "filename": "tests/unit_tests/test_config_manager.py",
        "hashed_secret": "d8d892951ee5eee89446b1587a615a6befa31b00",
        "is_verified": false,
        "line_number": 184
      }
    ],
    "tests/unit_tests/test_llm_factory_runtime_adapters.py": [
      {
        "type": "Secret Keyword",
        "filename": "tests/unit_tests/test_llm_factory_runtime_adapters.py",
        "hashed_secret": "acaaadd3c6826bd059f3a374d4e443119450c3d1",
        "is_verified": false,
        "line_number": 49
      },
      {
        "type": "Secret Keyword",
        "filename": "tests/unit_tests/test_llm_factory_runtime_adapters.py",
        "hashed_secret": "a6cfc02b07391f3a59d4dcb2a9c1b9a2907af12d",
        "is_verified": false,
        "line_number": 209
      }
    ],
    "tests/unit_tests/test_setup_env.py": [
      {
        "type": "Secret Keyword",
        "filename": "tests/unit_tests/test_setup_env.py",
        "hashed_secret": "23c364a2eba3aaee8759e564c27869be7bab51d8",
        "is_verified": false,
        "line_number": 18
      }
    ],
    "tests/unit_tests/test_tools_search_flow.py": [
      {
        "type": "Secret Keyword",
        "filename": "tests/unit_tests/test_tools_search_flow.py",
        "hashed_secret": "2288c64b4fcd8d69fd1c58750d05f3f6c3b8adf6",
        "is_verified": false,
        "line_number": 27
      },
      {
        "type": "Secret Keyword",
        "filename": "tests/unit_tests/test_tools_search_flow.py",
        "hashed_secret": "303a6646c6d564bd27d43848bf678a869699e6da",
        "is_verified": false,
        "line_number": 338
      }
    ],
    "web/newsletter_clients.py": [
      {
        "type": "Secret Keyword",
        "filename": "web/newsletter_clients.py",
        "hashed_secret": "43e7b72e333ca5456746adac364bd1bb569d6570",
        "is_verified": false,
        "line_number": 85
      },
      {
        "type": "Secret Keyword",
        "filename": "web/newsletter_clients.py",
        "hashed_secret": "fa05752cc87f42c45352c3da6e907f1865516e95",
        "is_verified": false,
        "line_number": 86
      }
    ]
  },
  "generated_at": "2026-04-15T22:24:08Z"
}
